{
    "cutadapt trims reads -- PE reads.": {
        "content": [
            [
                [
                    {
                        "sampleName": "SRR6924569",
                        "sampleNumber": "1",
                        "lane": "001",
                        "readType": "paired",
                        "trimStatus": "raw"
                    },
                    "SRR6924569_L001_trimmed_R1.fastq.gz:md5,1025b1a273fee2b51bd597f519ebbe86",
                    "SRR6924569_L001_trimmed_R2.fastq.gz:md5,3c3451e122dcf82b1be4a4526519fcc7"
                ]
            ]
        ],
        "timestamp": "2023-10-20T09:58:03.190239815"
    },
    "cutadapt trims reads -- SE reads.": {
        "content": [
            [
                [
                    {
                        "sampleName": "SRR1066657",
                        "sampleNumber": "3",
                        "lane": "001",
                        "readType": "single",
                        "trimStatus": "raw"
                    },
                    "SRR1066657_L001_trimmed_R1.fastq.gz:md5,0cf552582764f49d0eb969ffb0950ed4",
                    "SRR1066657_L001_trimmed_R2.NOFILE:md5,d41d8cd98f00b204e9800998ecf8427e"
                ]
            ]
        ],
        "timestamp": "2023-10-20T09:57:52.475155518"
    }
}