{
    "PREPARE_INPUTS succeeds when valid samplesheet, genome, and annotation are supplied.": {
        "content": [
            [
                [
                    {
                        "sampleName": "SRR1066657_GSM1299413_WT_NR_A",
                        "trimStatus": "raw",
                        "readType": "single",
                        "rgFields": {
                            "ID": "SRR1066657_GSM1299413_WT_NR_A.null",
                            "SM": "SRR1066657_GSM1299413_WT_NR_A",
                            "LB": "SRR1066657_GSM1299413_WT_NR_A",
                            "PL": "ILLUMINA"
                        }
                    },
                    "/trev-f/SRAlign-test/raw/rnaseq/data/reads/SRR1066657_GSM1299413_WT_NR_A_Saccharomyces_cerevisiae_RNA-Seq_50000.fastq.gz",
                    "SRR1066657_GSM1299413_WT_NR_A_Saccharomyces_cerevisiae_RNA-Seq_50000.NOFILE:md5,d41d8cd98f00b204e9800998ecf8427e"
                ],
                [
                    {
                        "sampleName": "SRR1066658_GSM1299414_WT_NR_B",
                        "trimStatus": "raw",
                        "readType": "single",
                        "rgFields": {
                            "ID": "SRR1066658_GSM1299414_WT_NR_B.null",
                            "SM": "SRR1066658_GSM1299414_WT_NR_B",
                            "LB": "SRR1066658_GSM1299414_WT_NR_B",
                            "PL": "ILLUMINA"
                        }
                    },
                    "/trev-f/SRAlign-test/raw/rnaseq/data/reads/SRR1066658_GSM1299414_WT_NR_B_Saccharomyces_cerevisiae_RNA-Seq_50000.fastq.gz",
                    "SRR1066658_GSM1299414_WT_NR_B_Saccharomyces_cerevisiae_RNA-Seq_50000.NOFILE:md5,d41d8cd98f00b204e9800998ecf8427e"
                ],
                [
                    {
                        "sampleName": "SRR6924569_GSM3073206_Saccharomyces_cerevisiae-AR_Biological_Repeat-2",
                        "trimStatus": "raw",
                        "readType": "paired",
                        "rgFields": {
                            "ID": "SRR6924569_GSM3073206_Saccharomyces_cerevisiae-AR_Biological_Repeat-2.null",
                            "SM": "SRR6924569_GSM3073206_Saccharomyces_cerevisiae-AR_Biological_Repeat-2",
                            "LB": "SRR6924569_GSM3073206_Saccharomyces_cerevisiae-AR_Biological_Repeat-2",
                            "PL": "ILLUMINA"
                        }
                    },
                    "/trev-f/SRAlign-test/raw/rnaseq/data/reads/SRR6924569_GSM3073206_Saccharomyces_cerevisiae-AR_Biological_Repeat-2_Saccharomyces_cerevisiae_RNA-Seq_1_50000.fastq.gz",
                    "/trev-f/SRAlign-test/raw/rnaseq/data/reads/SRR6924569_GSM3073206_Saccharomyces_cerevisiae-AR_Biological_Repeat-2_Saccharomyces_cerevisiae_RNA-Seq_2_50000.fastq.gz"
                ],
                [
                    {
                        "sampleName": "SRR6924589_GSM3073211_Saccharomyces_cerevisiae-AN_Biological_Repeat-1",
                        "trimStatus": "raw",
                        "readType": "paired",
                        "rgFields": {
                            "ID": "SRR6924589_GSM3073211_Saccharomyces_cerevisiae-AN_Biological_Repeat-1.null",
                            "SM": "SRR6924589_GSM3073211_Saccharomyces_cerevisiae-AN_Biological_Repeat-1",
                            "LB": "SRR6924589_GSM3073211_Saccharomyces_cerevisiae-AN_Biological_Repeat-1",
                            "PL": "ILLUMINA"
                        }
                    },
                    "/trev-f/SRAlign-test/raw/rnaseq/data/reads/SRR6924589_GSM3073211_Saccharomyces_cerevisiae-AN_Biological_Repeat-1_Saccharomyces_cerevisiae_RNA-Seq_1_50000.fastq.gz",
                    "/trev-f/SRAlign-test/raw/rnaseq/data/reads/SRR6924589_GSM3073211_Saccharomyces_cerevisiae-AN_Biological_Repeat-1_Saccharomyces_cerevisiae_RNA-Seq_2_50000.fastq.gz"
                ]
            ],
            [
                "genome_I.fa:md5,e050100d0a9a7d06a8accf8424ad0d98"
            ],
            [
                "genome_I.fa.fai:md5,2cd76d936cbfa386b14154506c2041b2"
            ],
            [
                "annotations_I.gtf:md5,61525d86cb937e0fe5b349215c50498c"
            ]
        ],
        "timestamp": "2023-11-07T15:02:02.49630531"
    }
}